foo
(foo bar)
(foo bar baz)
(foo bar baz)
(foo bar)
(foo (bar baz))
(foo (bar baz))
(foo bar baz)
(foo bar baz)
(foo bar baz)
(foo (bar baz))
(foo bar baz)
(foo bar baz)
(foo (bar baz))
(foo bar baz quux xyzzy)
(foo bar baz quux xyzzy)
